 ========= ========== ===================================================== 
  encode:   STR:       01853665-d4ba-7390-83b1-d7dc1f4dfe00                 
            INT:       2020906795969287100939108621363314176                
  decode:   variant:   RFC 4122                                             
            version:   7 (Unix Epoch time)                                  
            content:   time:  Not supported in this version of ramsey/uuid  
 ========= ========== ===================================================== 
