 ========= ========== ========================================= 
  encode:   STR:       99921bec-2985-11e9-a7e2-8c85901b62fa     
            INT:       204130525032193622476635908849708786426  
            ORD:       11e92985-9992-1bec-a7e2-8c85901b62fa     
  decode:   variant:   RFC 4122                                 
            version:   1 (time and node based)                  
            content:   time:  2019-02-05T20:35:39+00:00         
                       clock: 10210 (usually random)            
                       node:  8c:85:90:1b:62:fa                 
 ========= ========== ========================================= 
