 ========= ========== ================================================= 
  encode:   STR:       00112233-4455-8677-8899-aabbccddeeff             
            INT:       88962710306278818593693556079980287              
  decode:   variant:   RFC 4122                                         
            version:   8 (custom)                                       
            content:   00:11:22:33:44:55:86:77:88:99:aa:bb:cc:dd:ee:ff  
                       (no semantics: custom data)                      
 ========= ========== ================================================= 
